// Jest Snapshot v1, https://goo.gl/fbAQLP

exports[`should render header correctly 1`] = `
<header>
  <h1>
    Expensifty
  </h1>
  <Unknown
    activeClassName="is-active"
    exact={true}
    to="/"
  >
    Dashboard
  </Unknown>
  <Unknown
    activeClassName="is-active"
    to="/create"
  >
    Create expense
  </Unknown>
  <Unknown
    activeClassName="is-active"
    to="/help"
  >
    Help
  </Unknown>
</header>
`;
